// Jest Snapshot v1, https://goo.gl/fbAQLP

exports[`can be queried for a city's show listings 1`] = `
Object {
  "data": Object {
    "showsForCity": Array [
      Object {
        "artists": Array [
          Object {
            "name": "Andy Shauf",
          },
          Object {
            "name": "Born Ruffians",
          },
        ],
        "day": "2018-05-01",
        "venue": Object {
          "name": "Horseshoe Tavern",
        },
      },
      Object {
        "artists": Array [
          Object {
            "name": "Local Natives",
          },
        ],
        "day": "2018-05-05",
        "venue": Object {
          "name": "Horseshoe Tavern",
        },
      },
    ],
  },
}
`;
